[
   {
      "acvVersion": "1.0"
   },
   {
      "vsId": 474086,
      "algorithm": "KAS-IFC-SSC",
      "revision": "Sp800-56Br2",
      "isSample": true,
      "testGroups": [
         {
            "tgId": 1,
            "tests": [
               {
                  "tcId": 1,
                  "iutC": "63503A2CA113083F836E84FB9A45E0FE055C7B1FEEB2296EE0B28B0761D3360D11E62C8AC3843656C3ED5729F0A7DEB0FBD9B608803609F67645E6B969832449AABFD7F8743BC31094F90B10A06BEDA070629A504917F0ED9B584104AA171DBA856B51E8E7A9F1060BD63DE6C2DB74DE01A5A69A8AC1D6B5E78E91770E36AEF1853D3F69ED921B6B746A49FE61A5F10383E3CBB7C1D5E3261BBA522F31085CE37A4A71127F390E550A947CA74EB98D716458F973B123A72B5E44B9220383AAC24319E34D65AAABDC3C49FF070C6980B8D926E456F52D34CB87388B63C20FDBB83BF4FF5A3CC2088514AC53444A094C9812F9F6C45ADA4F07D12DC63C2D6FAD4C",
                  "iutZ": "5D75793B9BE5ACE0D9F53C30D59502519EA31BFDB06E608B65F2756EDAE39289054B47E593F405F5376C4E7D7A479CCF05CB86F2064900A45A0D2FA1DBE44D2772B7787165081C24962147B012BB9994935053270A04407DBDADEDB0189B167F1C603814DC302058F391F746C7BD5148BE483CF1636988AACB54A2856110B58D680E6E640357DDD041B69193AF0BD25F324EC1CE297E8D8BC53B6BB901610F8424A652991D84977F176670F1F54DE6370DA3E77094DA34BBA78CE99AD7F437B2A786E19543DF021ABE56A95D3A3517AED642AE3814B60B053B96791F9F55D5C0C3AA260DFCBC7ABBDBFB26A0DF6F5120AC88F0ACB5FB5CCE93DD52BD9BDE16E5",
                  "z": "5D75793B9BE5ACE0D9F53C30D59502519EA31BFDB06E608B65F2756EDAE39289054B47E593F405F5376C4E7D7A479CCF05CB86F2064900A45A0D2FA1DBE44D2772B7787165081C24962147B012BB9994935053270A04407DBDADEDB0189B167F1C603814DC302058F391F746C7BD5148BE483CF1636988AACB54A2856110B58D680E6E640357DDD041B69193AF0BD25F324EC1CE297E8D8BC53B6BB901610F8424A652991D84977F176670F1F54DE6370DA3E77094DA34BBA78CE99AD7F437B2A786E19543DF021ABE56A95D3A3517AED642AE3814B60B053B96791F9F55D5C0C3AA260DFCBC7ABBDBFB26A0DF6F5120AC88F0ACB5FB5CCE93DD52BD9BDE16E5"
               },
               {
                  "tcId": 2,
                  "iutC": "861BC7F0A6503FF7F26C06C7A11C9B12AE1C5AB112EE53145A582E361CD6181F27E2E0488C40C43DDDF31B73235E493B1F2F3FFDA1D64A47367BC1073ED290B304DE3AC9075BBC45768126E0949E849F7E1D56289D29EF94CCC69D23181D83C1475A633C25C774D91F4BB10634CE3842DD963FD40D1C86304FBE0BA487392AF9071196B111C0E0EB2F7D178C9D787D91C2AD1ED9104EDA42B9E87A5D6C1E9CAF251125A60901EEEDCAB0F3E82A4B78C88C5085484C25559140662D4607C13C1BF7FE088771F45AAD9AD9A8FCD3CB18D77D1D5887B19EBCFC665EE280B1F08600CE9AF7FB840C6C9252D944CCCD678371F6BFF22337AD799C07AB1306754E65D6",
                  "iutZ": "17798DBF16E7402B7A6D79851928B3755607EF12A776ED92F9E779EF21F0D3C01E90651BCB448BC62DD5270F5BAB94E27DDBE11C489B0E7D955803A1AD6D01A27DD430AD0A3150382437ADB6F483EAFD88265D229351944F3E704D1B7CAFFDDA8C1B9245A91D09DBFD746DDCEA4CEEE2737F51AA488DBD101AD9CA140C4EAC92149703E2655E7DDAD1A6B05161AF2808845969294111728FFDF7A426F7DA82ADC5CE8C1355723CDDA993BCBB1CBB07BE00C2EE8FFB7261A0AA5854A13C266D8D61CC0C686E29CA73E9659BA2B21DE85299E04D6568E47AD237FA3C20E6254345366ED8050EA09F4D2756737645989BE6793BC67F6BA4FB3AD11B090E76F2CA5C",
                  "z": "17798DBF16E7402B7A6D79851928B3755607EF12A776ED92F9E779EF21F0D3C01E90651BCB448BC62DD5270F5BAB94E27DDBE11C489B0E7D955803A1AD6D01A27DD430AD0A3150382437ADB6F483EAFD88265D229351944F3E704D1B7CAFFDDA8C1B9245A91D09DBFD746DDCEA4CEEE2737F51AA488DBD101AD9CA140C4EAC92149703E2655E7DDAD1A6B05161AF2808845969294111728FFDF7A426F7DA82ADC5CE8C1355723CDDA993BCBB1CBB07BE00C2EE8FFB7261A0AA5854A13C266D8D61CC0C686E29CA73E9659BA2B21DE85299E04D6568E47AD237FA3C20E6254345366ED8050EA09F4D2756737645989BE6793BC67F6BA4FB3AD11B090E76F2CA5C"
               },
               {
                  "tcId": 3,
                  "iutC": "C5C04D01C8AF63E3782B2EC5E43F45AABDEBFD8525FA58C84A70B7A8886564C5242779DADCBE09B468E21E41DDC8A9D9896A18269E27E7E92B308CE4B929E2B56B7A48BF4B1DD89D4954E4D50F7692F9664EFDA7382BF82A5E33AB044EBE262AA78E3FBB47EFBDBA2E2658A5C8EDFBCF0A12F144E1312223FC4E6179D986BC547CC848FC776E92613E997C6AD343101487B01567BC72010889701D286AA00DFE4ECE9ECAF5F1EA59787DF04D31FB0A65F1E5FC58536F3C098B28D672F6D6FF0E5F62E8A1B3802CC14D2C71D859DE0D0E71D62FE0BFD2CA092CE2E7EA90AF3A49690E195F0C455A1F45FE44FFF20EEB4809C409C0FE3E71E2D958920218EC1DD5",
                  "iutZ": "57031A3C2EF861372365FB954CEA2DAE269BD5AB2DA8A099F454971E6AEFE4F0B186774103049588E09998F1327C0DC01250400434A3C0CF451D41C38141D0BC572D125AAB40FE66A00A4EEE77E5B6351819603BAB3C1EC3E02381016B35932F8710D7E9B126DA738BEC405266A0F2C61FACF9157158CC2E16C38086B38A53E05DB58F6AACD6E2122ED193776A348761A9358BBF16F0E4177A83BF943909451F64AB87EE029CFCAB6C1005556F47B2D558BA8FF8A9B88BE4A39107A8814E22332703BE1D0ADF1B392E3577A1D488A9822C40E35B3C6C2223C892CD1DD52AE0E3B1DADD18C9DF163B16CC65CBDB537671AFDDD36132D40E051C88FC211A310593",
                  "z": "57031A3C2EF861372365FB954CEA2DAE269BD5AB2DA8A099F454971E6AEFE4F0B186774103049588E09998F1327C0DC01250400434A3C0CF451D41C38141D0BC572D125AAB40FE66A00A4EEE77E5B6351819603BAB3C1EC3E02381016B35932F8710D7E9B126DA738BEC405266A0F2C61FACF9157158CC2E16C38086B38A53E05DB58F6AACD6E2122ED193776A348761A9358BBF16F0E4177A83BF943909451F64AB87EE029CFCAB6C1005556F47B2D558BA8FF8A9B88BE4A39107A8814E22332703BE1D0ADF1B392E3577A1D488A9822C40E35B3C6C2223C892CD1DD52AE0E3B1DADD18C9DF163B16CC65CBDB537671AFDDD36132D40E051C88FC211A310593"
               },
               {
                  "tcId": 4,
                  "iutC": "56751AE2E145F4C9765A5AA781AFCA2681A44C7AEC9447D43AD053F083E837CE3B79B57BA62178CC49ACA561BEF8701CECAC074579258C4CC7BCB6019C1841795E9FE88040B6613EC23D5FD309AA27F5D2DD907E8FE6BF10C91E66BB0D24D891A5D6232759BA674552CD8BF630EA2EBF07114A89519291B03E619BB783E1D0C3CF3CFAA149A68DE08E834677AC8D741A30CA908150540667EF05528C153BAD6470C8543950E3DD12CD2EDC6D385E0B6ABEF57D909DF6EEB745321E1790232F58BF66995D8B13390EE76028C9486203D04D10F99696EA5924C208F4119372A71B1045DD5513A9D0FA85605B7295CA694E4A1FDDAD2E3D1B37C86C0C89E697D079",
                  "iutZ": "11D0637CEFBDC5781B49475A300B4AA0828B769F19EE44331D227403E63C95B9D3DFF8FDC5F32CA975A3FA38A0A9645011EBF1EE8B287C09CD29701C673A1B1581E803945B5C8B737A01C796F8125C8D3EDC3E025217A1D67453595167A6AB3D39F24AFD37A22C4FEE43062DFFF15D267AD7C213775508CCE53A3787AC79B6802EC6875638D76401EFB6575AE38711ACDB05CB1E27DA03C14883D49BA41C05459DE9B4109E392C45F5EAED7B17514FB9D6DCA3B2BF546AE3D72690641D5AECDC316FAB3340E8897FB78B7291BDDBE8D8E8F1F591F937B5491DF5F827B9E3D0687CAB57FF2937ABCC6D9DE9759E87D8D04E4948EDC26888896ED56BEBB4F71CA1",
                  "z": "11D0637CEFBDC5781B49475A300B4AA0828B769F19EE44331D227403E63C95B9D3DFF8FDC5F32CA975A3FA38A0A9645011EBF1EE8B287C09CD29701C673A1B1581E803945B5C8B737A01C796F8125C8D3EDC3E025217A1D67453595167A6AB3D39F24AFD37A22C4FEE43062DFFF15D267AD7C213775508CCE53A3787AC79B6802EC6875638D76401EFB6575AE38711ACDB05CB1E27DA03C14883D49BA41C05459DE9B4109E392C45F5EAED7B17514FB9D6DCA3B2BF546AE3D72690641D5AECDC316FAB3340E8897FB78B7291BDDBE8D8E8F1F591F937B5491DF5F827B9E3D0687CAB57FF2937ABCC6D9DE9759E87D8D04E4948EDC26888896ED56BEBB4F71CA1"
               },
               {
                  "tcId": 5,
                  "iutC": "62021E8787F14A3CD89B6C36EB536864215ECCF875AF2A245486531E1B61C1ECD13805C305C3FFC799F9D415E3A3ACD7E7E27A144FD0156AD3D5BFA37D3F3F7E2C842B63C5E0312BEF62547C9BBEB6A87B7C7A542C47D09664BBD15B1E1B80BC9D89EA250A78544FCDE60EFA82E08015B5D66B42B0A13E1B53145934DAFF87D38C9C578456533ECE75BE99F2F728FF624BE088CB8327236F36D3E7102936B854D53D9055042F5795A8F5A9EFDD32978453FB55740DA1A7791AA25B869EDAB98E81D19A2133F0103E50F072D0F67A6EC7472AE781AB441C80CE459232BB0107332E9B0C94FE068D0FCB3620253CD67B655BD870DC979D5B64C378588AD97D408D",
                  "iutZ": "2DE7FD749EB6506B7140932059B41D18148FA51EC7873A0EEC0F6ED67D3F8C794269EE01437436B0F43404FA20C2D2D56872B2FC7D37261BE940E8D56744A0753AB4E22B8A858AC78C2256EEA3244ED5E4D51B1DB4C72D25957887CD3CC2D24A22A81E6F97B6AB838F67C3AB5CBB94700E25983A8FC21D58237AE136091A2F50CDB2A938945CFA7C0FAAE0D21F519F76AF91E76B13A0FDCCE0B3CB9232BB2E6F3AE3FCFC324302F691ABDA8C8FFE0CEF0D14F137896A34CAAFDC7C97528B27EA376FD12B40AD8BA0C871D6476AADA85C4A1D1E5AA665DE0C0F3DA9BDE4CA6767F3453A385B560C2B6F989D68764307599A6062BAF21A2F71A72C824DD8FA3965",
                  "z": "2DE7FD749EB6506B7140932059B41D18148FA51EC7873A0EEC0F6ED67D3F8C794269EE01437436B0F43404FA20C2D2D56872B2FC7D37261BE940E8D56744A0753AB4E22B8A858AC78C2256EEA3244ED5E4D51B1DB4C72D25957887CD3CC2D24A22A81E6F97B6AB838F67C3AB5CBB94700E25983A8FC21D58237AE136091A2F50CDB2A938945CFA7C0FAAE0D21F519F76AF91E76B13A0FDCCE0B3CB9232BB2E6F3AE3FCFC324302F691ABDA8C8FFE0CEF0D14F137896A34CAAFDC7C97528B27EA376FD12B40AD8BA0C871D6476AADA85C4A1D1E5AA665DE0C0F3DA9BDE4CA6767F3453A385B560C2B6F989D68764307599A6062BAF21A2F71A72C824DD8FA3965"
               }
            ]
         },
         {
            "tgId": 2,
            "tests": [
               {
                  "tcId": 6,
                  "iutC": "565B888A08C1F634FD31EF98D788D53F3E44C01DED36B20C5CAF64CF51E049D2F4B4FD8DB9168424A2EC759A5FFE86AD49159DBECB9577D7B0CFDECCFDFFB17C06BDB5BA097FD0C6A2E49BDF264F4D233E897D9DE5DCF85838CF8BB676100EDF64A1F9FFA648CB65886BABFBFFEA565C25FFCA53FF0871E95EDB7552DE7103C09FE9BD3BD57F946FB275722AD8A60DF704F8E12FD629B65987D1DC8C62186A861F960A778C8D0F0D2B28CCA90FCE8863BCF0CC62DD6FDC99DA41B289659100FA037C7F4DD756F2DAAC427B021A60448780E2F0C55FDD7C51FCDD6AEEE87574B7E48556F746E993CA8E37BA64C5021C8A422A75DA7D2A1209C846CC9FED0436E23C7132B49895833806F7FF880B81167D9994CCE674FE6C7BA5A7E39C2C7EA44ADC0F997EDF12A84017DEF2F8DF5342C1A9A03DA3E321DCEBE2AF02534125F7206F9B8A9E7F3156F1D03BE5866DBFD63BFEE5705CD2681E11F5BF2DB73B791122C2F282C80D4958AA382932CD6542EC963434D32437C2127AD6EB13581799F3A5",
                  "iutZ": "214B577F044103D36546C6BC2821A7B01F5CE2B3AA941CA93E97E0ABB0A85E16556CFCDEC12E17A9EAAC3654175A59105A1DB7D79C71A31E2A18AE1BEAED809C9BDE16823202CED7337E254DB347C2ECB2CA993145FAF56CEF2FE18F064A270FF9E99BDA470CDBF34EFDD191DE924D0BA8B46612FD7A8537B95D8F0DF61DD4050F03DF00526BA119DD97ABCB31AECA7E3DD7ADDB503613D9EAEE45E825B88BFAC8023FA9118AE25590B64811547025FE46B5C681179D074EACF18B35C032D026A8003B56AC11330359C4785785C0CB7623061BF6DE33FA0358ECBA448E3C1A080ECED21FE6480561ABA5B512A0603A67361A71DB3ADEF47B1F219EB273DEA90ED719B8C028019094E155D4D3AF1A25F79E2E23374AF122C78EFA2076DCE6B77F78642CC657D9955952BCCD5DA5827540987B982B5E217304DF1099BE5AE250AEB27A55255ABE7237598259BEF601D727B87B592D956AFACE898784CA10EFDCAB7AC35E7DA92EBBF1A92E9659EFFD8B64DBA9AD378DCA7211F8FF5315B01B66EF",
                  "z": "1F2DBD305E30547C058793BA6D3E8AC01A4BD1E6D38FD23D421EB8BF2042481924BC814DF281EB033F21560B786CA9E6651A60F8CFD6D6A17AAFB14A33949D5C930B271725EFDA7A43A0BDA9314CEDF368EC53BE9FDB254BD3A63CCCFC2FA4FCCA8758666012D3B8D800D3F422A948B77CAD79D89068E3EB718729F8A8B37B1795DF5279036AA1E2C4E42683C796D3FC9FE580774639DC1D005CD002F4979CFF839B8BF6A5E79CFD25C0116D85E448428A1D8F45B2FEB321D6F860A067C6A2D651AC670FD85D1A2F2A3375F95AB21661FD37C9966DEEACEAAB6454BF16C7309AB96C209C46457953B4FD335FE95E852AB8776897615C427149AD5552B1CE2C5E925E58E0DDCFD865CF2AF2B060F59800B6058E4325C2F9124DFD6C1EAA487EA6AD9354825E3C2F47BA8E5A5B6E8F6FB5CC009B2F75DAF2E7E0B71C0D1692F329866140CFAB65005234031D17AADAC9690A82B19E720408EE63FFE75F8E644AD7A6043538F97A387D9E0E337DC855E6C817AA71606A992EBC99394AE3E29F6068214B577F044103D36546C6BC2821A7B01F5CE2B3AA941CA93E97E0ABB0A85E16556CFCDEC12E17A9EAAC3654175A59105A1DB7D79C71A31E2A18AE1BEAED809C9BDE16823202CED7337E254DB347C2ECB2CA993145FAF56CEF2FE18F064A270FF9E99BDA470CDBF34EFDD191DE924D0BA8B46612FD7A8537B95D8F0DF61DD4050F03DF00526BA119DD97ABCB31AECA7E3DD7ADDB503613D9EAEE45E825B88BFAC8023FA9118AE25590B64811547025FE46B5C681179D074EACF18B35C032D026A8003B56AC11330359C4785785C0CB7623061BF6DE33FA0358ECBA448E3C1A080ECED21FE6480561ABA5B512A0603A67361A71DB3ADEF47B1F219EB273DEA90ED719B8C028019094E155D4D3AF1A25F79E2E23374AF122C78EFA2076DCE6B77F78642CC657D9955952BCCD5DA5827540987B982B5E217304DF1099BE5AE250AEB27A55255ABE7237598259BEF601D727B87B592D956AFACE898784CA10EFDCAB7AC35E7DA92EBBF1A92E9659EFFD8B64DBA9AD378DCA7211F8FF5315B01B66EF"
               },
               {
                  "tcId": 7,
                  "iutC": "8525CFF33ADD746EBA7C6612D535BD2D31EA6C213D2DAF0C2231E1CC2B2E6C2E70CAC28811C908181265235E9D035544C1DCEAE9334F4A29F1519AE43332BA4CDABB274D880260D30E8B354364B5AFF869499148F6A844B72441CBB46A56D14794F4866AD5C8D5860A0DC00EA8E0B52211C997647A4D3B2D859769D93FE58DD3B41CBD0E158835020E164114DA51C0EEE67C664810F6B9058F2E76E55DB29C07E2640C7538B6CF3866B80CCCFE0536CA4259E656528DC18BDD5D74C09D032C5C1785879EB6DA9D9785FB9BB5CEF1C78D20044E3FDC3E0CBA2FF31A81B3A35BC3501A762EF2932754855EC6BD6DCE93464BC51282DE4E1CDADE927910467A8B485B00377CF9583B1ABF38084A32779898388D7C18686A80B647D408CAEB953C5E536F4CA872E5085B9F370689F7F7E1E182CB9048AFE513B16EA2C91AAAFFE685614CFBDD422018B414EB643ED34603A3B9BFA2EFCEA439D4A1E8652F31B0B131502FA7E2E1C5EBAEAF8F30E4CFBD138E51A9FAFB8BAB7F9C350BC0AA66D58332",
                  "iutZ": "716C63586FB078E2E5CC5D06D4BD1626FEA36E8DF0424EDF8FBA22F9C445897081166E5BF007D0B99E1B1F60E2196A24CD05005706F158DFC7535F406A17FE042D401F3EE2E42BFEFB757F48221633EFFA8C11C249B7B0A15550401B06CB2E1E644176160864B1DEC84A0EB793AD2F086F650B98356245A45728A393C3F349092C13F6521EA355062547258F5B08CAF9E3030F4FD55B325A9395B95E6BD725EDD969BF5EA7130B7FB5E0F367BDD93910860E6AE9E12273EC719D662A220AE719AEE368951851084EECF1724847A3F8F9BFDC6852F0D4D042FED8AFAF62F87127293B0BB6D2F9EDEF615BBEB26571C5204CC82294311055BA993B8E064069A9ABA4D7BA0DC445C2E1709A62458F697D8CDEEF180CA315FEE349CFFB94DB5E89C3A04D1CE2FEA31065D5C6A930F49E8994CF6964C92D4AF8C0B9B9B0D4AB97A81ACA56E419FE4DF643B945579CD6B89CF9A4A62C8379531A84661B2FF5E7CAAB2C6280E990982D3BFCECDE1D47CF5FDCE9AE989F56C30A9BB3E77C473A49E221D7",
                  "z": "8D26FCB2A24B9243FDF08D14070201AD5679D709A239535F328BDC2A7138EC7AF2254AD00D326386A1418F1769CD3FC4A6B873365C14FDD8F709E406D133848C07F7E147C6A866C9AF341D9F114A681692AE5EF6C5F371D46D107873FC13BABEE1A061D2E4D27204AE3929CEE86AE8707DE0198CF2662D69CAC51938AC1403D902050AFABBE6F7AC3A505CF35C3C9A86492588FFEDBDC4EB9A1DB9DB7EAC550B2D860A82F1329606E00749B651C88684A197E5021F30600D88FB2C51EDD7B38306AEBCE3C03B1E2F28A8304DCA4CE7C76EA7B231305CB9E96ACABD0F61BEAF105513023890F52B53C9165ED91ACAD7460B8D109DE7089709E64CD8EB8FE74586824B18A192F2547F449A39C866A03642B64DF7A745315B6DB5952AE57470EE03DFC479510D8D93023455CF43764D9F11314C5C7DEA244BFB9C252F25F489D414DEB01605B2688F12CAE2CB902DF893E5BA1F6E4984CCB3F5CA2BB99C9F5DE400E6FC3B09325A30A096E04A9E19152655C2CF83D88ABB1019BA485FE20825F215716C63586FB078E2E5CC5D06D4BD1626FEA36E8DF0424EDF8FBA22F9C445897081166E5BF007D0B99E1B1F60E2196A24CD05005706F158DFC7535F406A17FE042D401F3EE2E42BFEFB757F48221633EFFA8C11C249B7B0A15550401B06CB2E1E644176160864B1DEC84A0EB793AD2F086F650B98356245A45728A393C3F349092C13F6521EA355062547258F5B08CAF9E3030F4FD55B325A9395B95E6BD725EDD969BF5EA7130B7FB5E0F367BDD93910860E6AE9E12273EC719D662A220AE719AEE368951851084EECF1724847A3F8F9BFDC6852F0D4D042FED8AFAF62F87127293B0BB6D2F9EDEF615BBEB26571C5204CC82294311055BA993B8E064069A9ABA4D7BA0DC445C2E1709A62458F697D8CDEEF180CA315FEE349CFFB94DB5E89C3A04D1CE2FEA31065D5C6A930F49E8994CF6964C92D4AF8C0B9B9B0D4AB97A81ACA56E419FE4DF643B945579CD6B89CF9A4A62C8379531A84661B2FF5E7CAAB2C6280E990982D3BFCECDE1D47CF5FDCE9AE989F56C30A9BB3E77C473A49E221D7"
               },
               {
                  "tcId": 8,
                  "iutC": "033B93E0E8F4C5604497AAB24D4022506BAD8ACCDC67546CA5650715506029FA0E27E834458EB2271A6DD82467CFE60D6E9CF225C6AEF17769C47B8CFE686C98A9FF28F0EDE6C3E13C406CB3D84F3654E9427B5058AE37199A549F4DB2B5105E8D9C437EE8E79EE48E260F6D991EC0E95CA7311A0DB9744E73EB21F931FC7A0F9D6C123DE869EC54DAA88CE21B38FD7EA4CFBF78B87820879DBA1EA4C1CA77096B4D34640421B93FC6C69C43A29E9B6B761960DFF233B0A0BA7A85EFE1384D37010A2A2629A7DA9739C4DD6815202D2381C0D9A4534F9DB1E2E05DB9D5FD494A5E6CE2AE1587416366768E4C95BC968C8D65579332A18E79D387A3F307CA4111E6CED824586B981C8AD8DF85AB3D2CE69AF06FCE3D3F107AD3FBAAEC52C785CD10D7CAE475189F195E45C13F14576524391DD70576DA051417CD25BBD20A70FB24711F7B0FAE8FD59D51E019BD77FD2953B0DDE055BC2AE9BB0293C588A6A41D9BB41E47A5EA02E5AA24AA9336A8E7389EA815BEAEC76D6EE5EFC2E045E03671",
                  "iutZ": "2AA908D5CF78CB08459BBD49599BD85F3387F35C85CF3CD1CF9D75E1515F36AD8C2E5759D1A37D6EFF368F378C190FF6F8E622D7E5CEA68203DA794CE6CB3ED5D24A626991D046565ED92A2B513FAB49EA5CAC8F3508F8EF97E92A18F9DC472961E1763863F952A57657E0DEBD3D6B2DF272282EF4A0B74983C562E475BCAD3FB7E869BD6C9EBC128BA12FEC517BB5FACDA0D5A71BFF11CB9FE3D61F0BDD46A5433259723739CEC71A432E066B562D59E56EC1BC62F171115AA1F73A65D656B9A89A427FD49A688F5C37988C116C6C961E3CF56197EE4086B12E0DA0C92AFFB2D03F73D7EC4B95DAD059ABA377223F6841C065648926F91B722FCA6A7538E908DA10AE51D4AD5784A07F88900AB2B57C9982D8B233DAC37F91488544D0365A58EAB5552D9ED8EA1A73983E4CA58A63F7739BA1CF90D3BD303D4D2ABFC7CA1DDFCB2D1B6EAA29173A526985F00A00CCBB074D0EEE16258505230056B5133C83F889494D71466B448189B7F516D8E13094033DFC4BC3A729199E61D9EEABA0F247",
                  "z": "805ED13B94CFF80498D1953F3E2467FDEE0156058403575B84E2413E6FDD531EF7333B40DE1F955942804F1A02AEFBE0A049CBFEBFE97BBB9EB05A2A293B84E7EC98EE3A040746BA0016EFFFBEF60BDF0C6A7AF4C43FB6E66D3F4825D99570327F0E110E8E084A1B3D903E76CFE8FAE7D534BF996D04F5FDA77C424F23844A3E8CBFE8B9DDE114CC04E8F8BA3D5D62B08F6BA924D4FCF168C7EEF0A2D44F03364A7CD432998A527E5994965F6CBDEC971F169F27BA95BA61F181432F606E609B47657729F582C72E9264BA8F5EE2E90B1E501135EA4B9BC2A5C9B460B8E4E31323F44155C80AE8304C8A725658602BA6E1FC144382849089BB4034DDB213B805BA13EF8989CA07339493B97AD55603D9A7677371E99D27127ECB20D03D7CC3060547AD5C3AD20E556DFEE1A9960E54DB11715A761ABD4D676F295C97207531753C50892932144B02DE8E2E3705963CDA6240456FF200578E71DF7085D4ECE39C35E63FD3E9B71C56E04D76724CBE47E0AF31840311675C7C2472E14E6B2C4F552AA908D5CF78CB08459BBD49599BD85F3387F35C85CF3CD1CF9D75E1515F36AD8C2E5759D1A37D6EFF368F378C190FF6F8E622D7E5CEA68203DA794CE6CB3ED5D24A626991D046565ED92A2B513FAB49EA5CAC8F3508F8EF97E92A18F9DC472961E1763863F952A57657E0DEBD3D6B2DF272282EF4A0B74983C562E475BCAD3FB7E869BD6C9EBC128BA12FEC517BB5FACDA0D5A71BFF11CB9FE3D61F0BDD46A5433259723739CEC71A432E066B562D59E56EC1BC62F171115AA1F73A65D656B9A89A427FD49A688F5C37988C116C6C961E3CF56197EE4086B12E0DA0C92AFFB2D03F73D7EC4B95DAD059ABA377223F6841C065648926F91B722FCA6A7538E908DA10AE51D4AD5784A07F88900AB2B57C9982D8B233DAC37F91488544D0365A58EAB5552D9ED8EA1A73983E4CA58A63F7739BA1CF90D3BD303D4D2ABFC7CA1DDFCB2D1B6EAA29173A526985F00A00CCBB074D0EEE16258505230056B5133C83F889494D71466B448189B7F516D8E13094033DFC4BC3A729199E61D9EEABA0F247"
               },
               {
                  "tcId": 9,
                  "iutC": "0636920089521604D147079F9DC845F942C6A0592559FF7BD483946DF4BE46F2B8190D1CB4BCA219F538798824EFA6169CF572850A46BA3EC1C720019321E085DA9E7B569C89335BCE84D6EE8C043F9EF1BE7A55B34298B1AAA9DD4255FC83BA8025A55B97C6239D10C7B5D76C7B6D254413E3C689EEC14EE722C7777F890BD90A273CAF73F39E40B64E5800F5C7AE3BE62CD87D3848B4731054BA9661CE7A392A6780B2F8121439C9511B50A76E4EC0CD08EDEC96A490D893E8E7C1AA1BA901E2B6E8481BA69FB100C34476B0704B090506884CA2FA4BAE2EDB3506EE603E5D2A1CE366EE7B3219178B006783CFBBE3E269A46FD7529698469FE79AE142BFFB30513FC80B40E5393B2A47132B3C4B11777D2420AD965EBB353BCA4452DB566DD58574ACD4F0A75C8BC97D7110246D75848A321C54D326DD9BC51AD5470ED04A1453760CD868307A0A4350405D23796BCF8E016C57CEEF683BA8A7AA5F40A21E3A75EB58838E082EA67152BE291DE804D7AD3978569C91C7794864211C3B37AA",
                  "iutZ": "A6BEF26D9CA1BE4EAE41696D3BB839F6918778EDD4126C5D3536BF8BF8D540985F046F8C584F661C44BF242EE99FFDDD0CEC1EC485937F154A4ABD03BE030DD26F530D399545E2AF4BFE805428B6A8F2397E8E05A7AFEC6C3D04D13BFFB21BC5134CE59292365C9AF2C6737200BD1A1B86BDB5DAC8201F55E59F6FF1DFD476BF70801142D22EAFEF595626C704D20CADF6B11075718B45248FB8C04125B5F1188D78440C6A10CD963227660E45AF0DA6E195A7D1ED0337B48D7B539FC4E216BF646B761178EE429D82FD79A940D3A0E25885243C745684048ABCFBADAD4F93ACD0A7E1E592652B05D11B277107C171882901EF588EE66646510876A3F414B9A96F806AB25CC9E447DDB222DB9DD60C0060EFC167F9032D3B593EAF76AC08B8F4F7C44714C2D178EA68E95BBB21C085017E23ACAC08B06EB7952D83D4B34C31396E449B22D78B240C9BC91868BAC268DD1263C2DE42263893E61E9FE7DE13B38051167D8A9D98644101EED2414454D6341461E867CD824FEBCE39BA3BCC26FB6E",
                  "z": "0A5CBD90F67D3FFBCB8F60921207CDA15A6C0DD982BEDC0EA77407DD932FD16281E54811F630A0223B6A26A991F760D6164D6B9D887C53536DB3C197A07A66F139F28972DEE3EEC50A9656D6124AC1680CA758F9210A540A5727F5E4F6AAB9914139F4525F6C7E6E478CA8DD87AB7B6397B742590CA72B2E44E8DF5D523651B274DD828DAD591F4E0164A04C3999F33784481A475D2D6EC3C6A2AC7EBB7FD3E7D8E1767AE3FFABB2FFA0867B6AF1D0F1679ADC261D2A94EA58658D580C1EEE87DF0B3E098A5BD1616E3872F218C72954FAB89DAA06B2F317EB01D6B46119EB71929E429346CBAA0544E3D8114280EC2E1AEF72F7908125219F84D434601645464AB47304F543436DB02E2B2CD3939BC03636CAA75F352605A338D789385A337010ACA4DE402365E496D22DB787C859760E0D8F938655F3EE93B3285A28D93FDEE5B3F42D09AACDC6CA51FD5324B9B9CB93FF637738192405DAAE880EE92F36932551714193EC757185C8ADAA5BCD9C1BC2118A5E6C642F57F5881A7F1C528E77A6BEF26D9CA1BE4EAE41696D3BB839F6918778EDD4126C5D3536BF8BF8D540985F046F8C584F661C44BF242EE99FFDDD0CEC1EC485937F154A4ABD03BE030DD26F530D399545E2AF4BFE805428B6A8F2397E8E05A7AFEC6C3D04D13BFFB21BC5134CE59292365C9AF2C6737200BD1A1B86BDB5DAC8201F55E59F6FF1DFD476BF70801142D22EAFEF595626C704D20CADF6B11075718B45248FB8C04125B5F1188D78440C6A10CD963227660E45AF0DA6E195A7D1ED0337B48D7B539FC4E216BF646B761178EE429D82FD79A940D3A0E25885243C745684048ABCFBADAD4F93ACD0A7E1E592652B05D11B277107C171882901EF588EE66646510876A3F414B9A96F806AB25CC9E447DDB222DB9DD60C0060EFC167F9032D3B593EAF76AC08B8F4F7C44714C2D178EA68E95BBB21C085017E23ACAC08B06EB7952D83D4B34C31396E449B22D78B240C9BC91868BAC268DD1263C2DE42263893E61E9FE7DE13B38051167D8A9D98644101EED2414454D6341461E867CD824FEBCE39BA3BCC26FB6E"
               },
               {
                  "tcId": 10,
                  "iutC": "B2014726FE7DE388B78E3CDC447A269925560C74B5BB1386F4D37B6555911D4496AC8E24F7D6425A2AB1F41301BEBF312622CDDE25AA09403546D7BB896E3A727B55DF548B4C51A80679E4A8B741DF5EDFB13572DE2E5B9C7F523EC9F8712F78040C7C7F8E3D5118C0B92C4B0D9BF369C24B3B8588DF3C3FA99780312D53CE5764DEFC04ED390CBCC887FD882E1AADB54A9377787C3C2C5E2F9B124FA862BA7CED601572798C70966B7952932A068A9D61A47D1589E52177512002694F5E1059CEC3BDFB29C27D93C22BFB41AC04F78C1984ADA6BF315F96E59038A4823611709A0F5982F28D80C7210AA0BE87E763D1BD97D93A61E07C9FF6CD528181DCA8E2C94B02D8DC1B1350B5B3F8F5DE54C33B7A78985166FF2D495603AED4B9A8A11243322C787A8329904242D867B72F6D1264656B4B212AC713546812D12C635B4470E97A4A07529E6E7F0D80E358E6EACEC960D384DF819A7E2DD22DF3102A9BB4022C08449A2F3D2B1EF025BE6B8CF75915AD944AE744582AEA8C18266C19E178",
                  "iutZ": "3FF967A95E0D63F3671A51A8CF9666E59D060EBECD047EA5743186D7FF3684241C41C27040479ECFA2D0F534E6BCFE01872D2FE350470C026AA7F1FDDC05C35D4E3764CE97ED12CCE95E05DA07E94D662E63DDC393D25C810F5A5E5314872EA8AAFC1D33222D6465F0C2B5ACC91B5DC8FA06850AAE6E596B6B87FBFC52028F9F0BCFF664B2486DB46E8B31ED3EC8090A57B156A4273978A161CF7B8FE1D3F121B0F474D226B57A51ABAC44260FBB3BE717DCD04324409380A21D192C991860B3B240A879AF20E627F57AE5BABA1ABE7AFC15A84186A362596E24F30DDC6FCB9067FE40CD3637FCBF1E56E7869901A4952AF69B64A8C8B2F20EDEB1ACE0057EDC017EBC5EAFE870977A510A389670381FD0D3125A4BCD0F245DF0B6A7CF7610288F7DF7D12075693D50E732B7EC10E3C5868022F12D0D59F850DDD41926C17EAC09F6487935BE9FF3C54068A5C65F013209DC694E231A1FD7F72C8FC0682E7DB98CF817EE42ECA1EFCE450B4DE55025DF9D3C47A37A0BA520E48A66D7AD6E39D0",
                  "z": "8D4DF6EC3E9F6E5180E459C83A04625D043C2EA1FE0B0682E5558DB03D22D3270E455147AE2A1CCCDE46AF818D8A75723BA4F980954716DF94A4165B6B4C973065E752B0769E01FEBDC4E914EB9A27FBB0F8FDD552380F60F5C8E5B028D990C75B9A1CB586266A39794CB8A5A80BA77A543F34FB14F2CA819CD8D6E1D77B4A7669912093157B3BE5F412C71DB9AB39CCA9BC2B734FFA597B2D3131C10B5F4B40697250E1D8513780B284F66D6EF8B3CD9AE24022BCB4E8BA73F9E44CFCEE69EA7F35156C79D3AFE9DFE72838B4CC75127E2DAF7549CA767FDFC9B5873B1668DABCAA3AE30A31FA49588AED3233C88429801F6364C92695BA181F9E741C0774CC1A5B0038F6F532E192789CDF858F9E7E3ED28FAFE28336BDE330D93C138DC1F46972C1D246C2FB10CF45E8FFE479EBF15CB101DEFBDE3FDC2E47FBF10601277A7880587080FA2F3FB18B8E21606405DE22DF3E3A083A75C2E342CD7601AD9B5D674864E9570DD09AEC091971A0221FFBBDFD9EA15F8FC2DD6AB07E51951B49CA3FF967A95E0D63F3671A51A8CF9666E59D060EBECD047EA5743186D7FF3684241C41C27040479ECFA2D0F534E6BCFE01872D2FE350470C026AA7F1FDDC05C35D4E3764CE97ED12CCE95E05DA07E94D662E63DDC393D25C810F5A5E5314872EA8AAFC1D33222D6465F0C2B5ACC91B5DC8FA06850AAE6E596B6B87FBFC52028F9F0BCFF664B2486DB46E8B31ED3EC8090A57B156A4273978A161CF7B8FE1D3F121B0F474D226B57A51ABAC44260FBB3BE717DCD04324409380A21D192C991860B3B240A879AF20E627F57AE5BABA1ABE7AFC15A84186A362596E24F30DDC6FCB9067FE40CD3637FCBF1E56E7869901A4952AF69B64A8C8B2F20EDEB1ACE0057EDC017EBC5EAFE870977A510A389670381FD0D3125A4BCD0F245DF0B6A7CF7610288F7DF7D12075693D50E732B7EC10E3C5868022F12D0D59F850DDD41926C17EAC09F6487935BE9FF3C54068A5C65F013209DC694E231A1FD7F72C8FC0682E7DB98CF817EE42ECA1EFCE450B4DE55025DF9D3C47A37A0BA520E48A66D7AD6E39D0"
               }
            ]
         },
         {
            "tgId": 3,
            "tests": [
               {
                  "tcId": 11,
                  "iutC": "A4A141B59F204E4818B0051F5D5FEE7265E4A483E566AF0F3A2AB0E147EECF3AA28EE27206CA11609AD6E9B1DFE63F3F6C2234E1E694E6249463E5B647A51D7B6692DBA078C167A07A356ED43FC20B29C7FE97E954C8A2501C9735F16EABCCD98B23A072E0D255C6CF37D893B4CC39C7A41471D45DE571A9EB408EF0C00A1B9F57FEC989415CD2C581FA260C6FF5022D1F1BD7CF740C7D901457FEEC9FFFC93C9037E60F3D9A536FAE745394A77F1C03AFD3BB9F16E41AB5EF2479B7C0C3F2A4FAC70D7044E2DE93B34EF5F699C0260F2942D27A332933E61181A1A5F851D2FA957760F93A1B5566C3C02443594D773DFAE99B37837FB1B1C12EA2A6411E3E56",
                  "iutZ": "7DE234D86B4BAE38E005AC487ADB4624139CAD246E463CA3C12A6B4FA5C2FD6A89D529F34C1B592F5B79942DFE11BF0FA9C547309BC365A6D581F4C47B0AB17532AA5A39EBEFE95BCC49E7D3ED1224B6EFE75A56373014E40F14E336762679424C823F22C7AEF6031B7F61B0A774BBB8B86BEBF54DFEF872CC21E7E1F305DA2EF98E48A8CADC21DADCA7542FA3E105F6F6D63C515473D1952B0AFFE889D2AA70AF0592AC6BB18FF5BC40681E93237DCC0A71B49D7589338C3BB35A59D2DD1B44C6E75320AE1068AB74B2DA88FF0D488564D1C6A4177057022540BDD35D03A797C9672CDBA9E19ED116CC0ECD8C59CDF887B75D7975E4ACF2C3FC024CE17E7782",
                  "z": "7DE234D86B4BAE38E005AC487ADB4624139CAD246E463CA3C12A6B4FA5C2FD6A89D529F34C1B592F5B79942DFE11BF0FA9C547309BC365A6D581F4C47B0AB17532AA5A39EBEFE95BCC49E7D3ED1224B6EFE75A56373014E40F14E336762679424C823F22C7AEF6031B7F61B0A774BBB8B86BEBF54DFEF872CC21E7E1F305DA2EF98E48A8CADC21DADCA7542FA3E105F6F6D63C515473D1952B0AFFE889D2AA70AF0592AC6BB18FF5BC40681E93237DCC0A71B49D7589338C3BB35A59D2DD1B44C6E75320AE1068AB74B2DA88FF0D488564D1C6A4177057022540BDD35D03A797C9672CDBA9E19ED116CC0ECD8C59CDF887B75D7975E4ACF2C3FC024CE17E77829A094E743A313ED2AA4FF2FA74B5B4050540D3E0784E851CFFE6D94A7857A396771C586E64C91DC200F34ECB09FEAC3B3E199022FA724EF277B23E58F33FC6F81BFCF920F0F21F9662CE52C641FCCF3D3ECC893F50BF93703D4960835F809053BA8FC8D93CEB08C758E1E18DE38B3BD8369DD883928087E4D6350CF9BA7777445B35527DD505DB16501BBFD8A469A549421BFBD7C4EC880C0C9EDF170258E318B985F789D47EF331759C6F1B8D9482B54C0E519D8F31CA53BE27FBC93750B3BF364D6D261FF25793B88A088F3F473407671667B618196526AC167B2C11ACBC7D2CAE62C19CEACCB4C469B7F558776A3A530C75F3CDE06E990F0911EBA71BFD70"
               },
               {
                  "tcId": 12,
                  "iutC": "4300447CB142C1DC112CB18D2A6B8ABD63902E86B4525CE712EA67F7E0775CB330400A9662104EDF82A813BB1A02F35830B5C50B890965A81AEABFC51E38FD30BAAB84F4C48FE09B5F36460A71AFEA24CC5D53381CEAD982A63BF2F4C6A5455476C764956AF1B8411528CA6856C9F61C72C2A4C2C15AC4A8E01FF8D017B1D6D4F0F6120FBB5904C2F803C5807F340264324EE53DA071D5D746BDA8F3991FF0FFC9902D57D2456D702729FBA563A202E769AE20896D803650F6A78D1D3F25A81E4AA5F8C56C301F1866F98B3EF1B3DC34E2CD88C43C9ACAAFE94D1CF0E811FFD1BD5816A0AD847736F76A6EA66395882FA94EC1A68D7C93FF37A493179DBE5726",
                  "iutZ": "44F1855885E3864229F9A55513F5F8C76B9F67F20ED9C6E29521FCF603FFB867FAA0E011526BD25E7D6ED5EFBDA7B7E2428303AC204CED2502D8C3574204B0FEE962FCCBD73A4A6E4B873EFBFEC9BA58783EFAB3FEA1C9F76BB84C9DDA1DE6BC69D4B9770030203C36014DEA4459DD4F759D7428C01AD2A3DAFCFCF877807099728355DC1830F6EC67BACDD144A3F468B0C31E4AB6583FBEB0D2A8F71D88F703D2928D38C18E1393E82B8100D9837582F419806E84432B00BC166B2BC3DF18E8BAA654B925E8813132A28EE258FBD51CFE6BD63571B1AA274CB32142C04536760DDAFBAEA073EDCA4EF2202F6A78B3DD582B71F95626C3B655F42D13B3D02352",
                  "z": "44F1855885E3864229F9A55513F5F8C76B9F67F20ED9C6E29521FCF603FFB867FAA0E011526BD25E7D6ED5EFBDA7B7E2428303AC204CED2502D8C3574204B0FEE962FCCBD73A4A6E4B873EFBFEC9BA58783EFAB3FEA1C9F76BB84C9DDA1DE6BC69D4B9770030203C36014DEA4459DD4F759D7428C01AD2A3DAFCFCF877807099728355DC1830F6EC67BACDD144A3F468B0C31E4AB6583FBEB0D2A8F71D88F703D2928D38C18E1393E82B8100D9837582F419806E84432B00BC166B2BC3DF18E8BAA654B925E8813132A28EE258FBD51CFE6BD63571B1AA274CB32142C04536760DDAFBAEA073EDCA4EF2202F6A78B3DD582B71F95626C3B655F42D13B3D0235203622E8D7D0F20AD61D10336325CA827864716496FCBD05DEF51249C2294C20B6DF824B4DAD6785E468E9669462BB78E41D988CBA6BFCC28160964F56D673CF83A4961E9EAEA000F12BC083CF3E766534792045E8CFC55CEE10F9EDBE58B1A4FCA8A51AC7FFE20453815C8FB8DAE37B5E44A8088B606828BF6E1E80B303824DBB896EA2B9D4A9EC81BBA650F884BB0CA1ACF140A66D3E6B4B5EEF71DC63C009D2451473E785284F854E75C9CBB387AEDFEAE4730D6492CFFD5627D2143F2AF785721470239AF7862FFEA5393D3BB1733103A1076B457BF6C5380EDF1B484E3A87A3058D36B8A270F24FC8896B68080C25331A6269B2AA8AFF4B38C60BE9D5E88"
               },
               {
                  "tcId": 13,
                  "iutC": "6377186184965AED18B6ECFF0A8404A18A7140A8A5762031DA4A0E2D9EC11E9DC60DE21B8D5C1770EEB1721B9050E8A5C476CB45C9379ADDAD16B5EF21525DF2D924ED78FC83EF035C77B4BEE3548EEA9BBC2AD5C85B4DCB63AF2F595032955ED598DE3E500846C4CC38A988CCE2423CAD48AA09E690B6F4D3BE3601309170475465C23EDE78CDA76671E38CA649C759D608C6E3B128E6F7AA14BA96BCA6A565538A361EC74ED67B541A965080EFDD1D03AB04C48502E9258AEDDBE7D042E96D83396EF59F98F530DEF29E97CFC06208B81B6ECAFB86608711F9E101D7A275515403E8689D897163BA98C642673D0530CD5216E6A22876781F8B2C9ECB5CD42B",
                  "iutZ": "5A2919D969BDED3F43C0EF2F54EAE2714A12A46F00E9F66605FB897A043C872D3AABAB29191C8202C1280E57640C2A7FA336790C8508E5065333F6ECBFAF675218543C7E6986A8C31F2A78E5EF499AFBE749296B8EA081772A14B0C1E0A22C3A0DFDA1FE0811C8CCA208AD077F0F1B03F5D68EEBE9754FB953449031534ACCCC31F8F40A4C8FD2763412E0DE5AD4BBBA46030BAC6E5D320208ED8EDA87FDDF82E707DB3BC961060183FD491C7758A7E11F172E32CCB3D30C33BE6C529155737E2F583601B6DBD27536D860426A66C174401F2FFB7B0FDB1E0991169CD63CDAE340B38238CCE8004F12AA41A7D1DD9E4A5B438F6B38B332B19103EAB62AE51F78",
                  "z": "5A2919D969BDED3F43C0EF2F54EAE2714A12A46F00E9F66605FB897A043C872D3AABAB29191C8202C1280E57640C2A7FA336790C8508E5065333F6ECBFAF675218543C7E6986A8C31F2A78E5EF499AFBE749296B8EA081772A14B0C1E0A22C3A0DFDA1FE0811C8CCA208AD077F0F1B03F5D68EEBE9754FB953449031534ACCCC31F8F40A4C8FD2763412E0DE5AD4BBBA46030BAC6E5D320208ED8EDA87FDDF82E707DB3BC961060183FD491C7758A7E11F172E32CCB3D30C33BE6C529155737E2F583601B6DBD27536D860426A66C174401F2FFB7B0FDB1E0991169CD63CDAE340B38238CCE8004F12AA41A7D1DD9E4A5B438F6B38B332B19103EAB62AE51F781DFD4E6F0CEE9B1B18890F25294B7FD8E48B6E4E2918025001ED1ED7D50337380AEF36449D9EFD7BC878A7BC8B45EBB929B00C9D6001755441EB0E0A6A6493BF459B6B1504A888F028CE509E6C433C0FF8883B69C37CD475043BED258F264A181614FFC755E4426419CF1A34777A8F2E119E30B57CAAD34563C0F9460DA2C04203C718FC724DAD283DB71396C23736FE81FAC84F694EDF2E107115020D7F1B2D66DC6CAE781129D9EE9A035CD8E4B779C306C628CF261F7076900D9B279BC34113EC7A79B1FA044823977689BE56BF1E0D3D9ED0C12F19E0561EA97C594C716423C2B29802C4B662D68758E907768E1F0C67E799FFE603C5847D3E675CDACF7B"
               },
               {
                  "tcId": 14,
                  "iutC": "30314F8D1A06ABE8D29DF3DABADB47F0C98DA0AD2F864CFB86BDF808A58DDA2E253ECA21DAD905AB52392B20D3280E712FDFE4C4E65AA07BC43664A2DD6CE87B428AA2A4463C7F766148F3BAD9AEA4A7A34D07001861642DC0CF3714D1281C8AA4506A2AE56AB246D948974B4ECFF296D12EA7BC22B8D26CEEF041AB323007ACCB4013D065B5E08EA988E4DF71E860F4D8F8AC61A32ED8E62666DCE08374D9FB4BA60754426D5752B02EBAD392C2EBE789440F73AE8BAA4764CAF4F4F8CC8FE0AD9ECC27D8362DB612404D8BCEF405824161DE6A175FE277ED171E77FCE4BA523141B59368986C1F1C083617C87AA4D8D6BB9819F1607BFC1D567B5DE10BA138",
                  "iutZ": "8FB2E27DB5B082993FB0D5F64D389C3E3E03AE1B9D2B2D74AD3FABA17D82A7D5E0CE138BCD578EBA9B85A5EFA0D8A780B2F510B237F018A23EB0D4446B1D1EE59F76CFF5B94F334EB5E60BB5CD6B24828416BE9C67474BAFC3CCDB01A644A0A63A735BC55A2C97719178F9839FDB6F19B17B890CC35858FA3B292150C0C5C6AF6AAA913C85D5FD0E2382F5C04187D8E51D9BC76CF40B50CBB0E09A573ABAF486383B0B78C18CB578E87E17142409DAD6815C0BB54CFFEB752352C93A4EE58C3A9719CA1C5E5A412950136CE080741D7A1AE93DC6F58CA0025869D202B5058C545E98894283F5C0BE230141ED0143DFF5547E40DA3AEBD2205C4E111E18642A92",
                  "z": "8FB2E27DB5B082993FB0D5F64D389C3E3E03AE1B9D2B2D74AD3FABA17D82A7D5E0CE138BCD578EBA9B85A5EFA0D8A780B2F510B237F018A23EB0D4446B1D1EE59F76CFF5B94F334EB5E60BB5CD6B24828416BE9C67474BAFC3CCDB01A644A0A63A735BC55A2C97719178F9839FDB6F19B17B890CC35858FA3B292150C0C5C6AF6AAA913C85D5FD0E2382F5C04187D8E51D9BC76CF40B50CBB0E09A573ABAF486383B0B78C18CB578E87E17142409DAD6815C0BB54CFFEB752352C93A4EE58C3A9719CA1C5E5A412950136CE080741D7A1AE93DC6F58CA0025869D202B5058C545E98894283F5C0BE230141ED0143DFF5547E40DA3AEBD2205C4E111E18642A9292CEAAD01BEF40C4E55362B68738F1C766B1724188882F94CD5E3CEA77281A606C7E90791D82D40DBC30BE17BD6C0576C0AEA06AE8888F2247C853EFFCFDF5A36A1F228DAFB175061C5BC917AB775C204E39E86CCB84808E0C3F2B9388F0688648698E1A8C54B0A81B6BEF69179B62725CDCE064833E0CF93AAEE15F5A91720BC4E1B30DEAB9FC2E9E6BABD77EBA3DED9F8525FBFC2C67FB7679D389824E14C6436D23558801F881D7DC91EB3983720D3864AE6F58B679E8363B0FE33AD40A2F57E45BF0C876524DF57DB175149D37855C0E5D8D7E6CAB9F5EECCBDB4FEEFF8851A5897109CF1C96F12DDB0355D8D401175ED1395D5BD5E05564C0E40C437AD0"
               },
               {
                  "tcId": 15,
                  "iutC": "A1E3BC4BBA90D87082D1E5B4D9DC68587A893D59B7B18A77665605A89D50D1EBE16C9B7A31E08DD22AEB89F9FF40B11AD5A1B4C22FA4290D48A9FE38BEFE787F47FEA632AFF52970BC6C627958A850C4DF8051E24BAE9A084D22C111EB8E6FDEB36E4BC98DE7E12A3361F542860AC94574E37029A17433EE69F1A4E76D25FC5316B2C42D6E4360AF3693048BB1F1B585487C30993B14FF1664CA254BD14031B3B6FF59DE68FBB29DF4A011E07F2609CF5E9068EBE271E8030D991B7E4E4201E496F191F0E020D4AB40DCC8CE6C24D65E229503EFFE03941B6B358598EE3AA7EE5EA876E21D601D1F27CE2E05E353BCFA473814C6C1239D868F8EA23B096DA702",
                  "iutZ": "226E1B016D3BDD0FDA026A614AD07466C176DB7B3A15FCCD08DA299F752B094D416AA6410DBA036DE7584C6C1285579879A27B92888884C9B029BB71A8C467276E7DE7A168EE093C086303BEDEADF7C34BD263DD5378CB290C0F3017F60CD1EB162B190A49A36ADD7FCF0B53B190D8E040B27E7AAF7D5288883144D2CB890B13B7B54EB68E3876C94C135AA601535A51E1FCA0022088A064E2A742BF6DB6F1DA750CA60BE2BADCE1B59E0250E23530CAF0B289BD6381205EC130706B192B684F643DDB321E4A036BB9048340E7619553135CEAD5065518503EC556E52596E538DEEAB278884327DB878F127CD15F2317169601FF64473916B6637545268BFBCC",
                  "z": "226E1B016D3BDD0FDA026A614AD07466C176DB7B3A15FCCD08DA299F752B094D416AA6410DBA036DE7584C6C1285579879A27B92888884C9B029BB71A8C467276E7DE7A168EE093C086303BEDEADF7C34BD263DD5378CB290C0F3017F60CD1EB162B190A49A36ADD7FCF0B53B190D8E040B27E7AAF7D5288883144D2CB890B13B7B54EB68E3876C94C135AA601535A51E1FCA0022088A064E2A742BF6DB6F1DA750CA60BE2BADCE1B59E0250E23530CAF0B289BD6381205EC130706B192B684F643DDB321E4A036BB9048340E7619553135CEAD5065518503EC556E52596E538DEEAB278884327DB878F127CD15F2317169601FF64473916B6637545268BFBCC36C341FFFB9BFA617E939BBACA9B6104F78DD3B9BB8ADE3EB2F1E70039717172458449B04DC230763F18C5CDF34921FBFCEF024D20173D7F738FC22B123A7944608E04EB965EF3F9DBF3D0F90A52CD741DFA3AB2B5D2014970E00E40BC0B6A0F11D01FC0BE3EF537A2B71F2161AE5F82D07E377D4A8A14804FC22A8C9695B1FB1531A76AD49DF35478843DC952500C9A6CA5D66E068041B93AF45EB2936EBCDF8172726D49CC28A6ED3DFE8B434F74AE74BDFA5375326D879FF037FD44E09276108118C7FE805767F84CA17408E0A972F1A39225E4CD619A3971EEA03420F28EB2066CEDC1665107E2DF20D6CDA7F98D916B1E376F447D7D6FDA2D4F883A4719"
               }
            ]
         },
         {
            "tgId": 4,
            "tests": [
               {
                  "tcId": 16,
                  "testPassed": true
               },
               {
                  "tcId": 17,
                  "testPassed": true
               },
               {
                  "tcId": 18,
                  "testPassed": true
               },
               {
                  "tcId": 19,
                  "testPassed": false
               },
               {
                  "tcId": 20,
                  "testPassed": true
               }
            ]
         },
         {
            "tgId": 5,
            "tests": [
               {
                  "tcId": 21,
                  "testPassed": true
               },
               {
                  "tcId": 22,
                  "testPassed": true
               },
               {
                  "tcId": 23,
                  "testPassed": true
               },
               {
                  "tcId": 24,
                  "testPassed": false
               },
               {
                  "tcId": 25,
                  "testPassed": true
               }
            ]
         },
         {
            "tgId": 6,
            "tests": [
               {
                  "tcId": 26,
                  "testPassed": false
               },
               {
                  "tcId": 27,
                  "testPassed": true
               },
               {
                  "tcId": 28,
                  "testPassed": true
               },
               {
                  "tcId": 29,
                  "testPassed": true
               },
               {
                  "tcId": 30,
                  "testPassed": true
               }
            ]
         }
      ]
   }
]